warning: unexpected `cfg` condition value: `old_api_tests`
   --> crates\pasta\src\engine.rs:782:17
    |
782 | #[cfg(all(test, feature = "old_api_tests"))]
    |                 ^^^^^^^^^^^^^^^^^^^^^^^^^ help: remove the condition
    |
    = note: no expected values for `feature`
    = help: consider adding `old_api_tests` as a feature in `Cargo.toml`
    = note: see <https://doc.rust-lang.org/nightly/rustc/check-cfg/cargo-specifics.html> for more information about checking conditional configuration
    = note: `#[warn(unexpected_cfgs)]` on by default

warning: field `cache` is never read
  --> crates\pasta\src\engine.rs:61:5
   |
53 | pub struct PastaEngine {
   |            ----------- field in this struct
...
61 |     cache: ParseCache,
   |     ^^^^^
   |
   = note: `#[warn(dead_code)]` (part of `#[warn(unused)]`) on by default

warning: associated function `build_engine` is never used
   --> crates\pasta\src\engine.rs:298:8
    |
 66 | impl PastaEngine {
    | ---------------- associated function in this implementation
...
298 |     fn build_engine(
    |        ^^^^^^^^^^^^

warning: function `parse_var_assign_from_parts` is never used
   --> crates\pasta\src\parser\mod.rs:530:4
    |
530 | fn parse_var_assign_from_parts(pair: Pair<Rule>) -> Result<Statement, PastaError> {
    |    ^^^^^^^^^^^^^^^^^^^^^^^^^^^

warning: function `parse_call_stmt` is never used
   --> crates\pasta\src\parser\mod.rs:598:4
    |
598 | fn parse_call_stmt(pair: Pair<Rule>) -> Result<Statement, PastaError> {
    |    ^^^^^^^^^^^^^^^

warning: function `parse_jump_stmt` is never used
   --> crates\pasta\src\parser\mod.rs:631:4
    |
631 | fn parse_jump_stmt(pair: Pair<Rule>) -> Result<Statement, PastaError> {
    |    ^^^^^^^^^^^^^^^

warning: function `parse_var_assign` is never used
   --> crates\pasta\src\parser\mod.rs:721:4
    |
721 | fn parse_var_assign(pair: Pair<Rule>) -> Result<Statement, PastaError> {
    |    ^^^^^^^^^^^^^^^^

warning: function `parse_rune_block` is never used
   --> crates\pasta\src\parser\mod.rs:754:4
    |
754 | fn parse_rune_block(pair: Pair<Rule>) -> Result<Statement, PastaError> {
    |    ^^^^^^^^^^^^^^^^

warning: `pasta` (lib) generated 8 warnings
warning: value assigned to `output` is never read
  --> crates\pasta\tests\two_pass_transpiler_test.rs:58:22
   |
58 |     let mut output = String::new();
   |                      ^^^^^^^^^^^^^
   |
   = help: maybe it is overwritten before being read?
   = note: `#[warn(unused_assignments)]` (part of `#[warn(unused)]`) on by default

warning: `pasta` (test "two_pass_transpiler_test") generated 1 warning
    Finished `test` profile [unoptimized + debuginfo] target(s) in 0.11s

running 1 test
     Running tests\two_pass_transpiler_test.rs (target\debug\deps\two_pass_transpiler_test-1a7c26bb3f50391f.exe)

thread 'test_two_pass_transpiler_to_string' (21780) panicked at crates\pasta\tests\two_pass_transpiler_test.rs:81:5:
assertion failed: output.contains("1 => crate::莨夊ｩｱ_1::__start__")
stack backtrace:
Full output:
use pasta_stdlib::*;

pub mod 莨夊ｩｱ_1 {
    use pasta_stdlib::*;
    use crate::{縺輔￥繧・ 縺・↓繧・≧};

    pub fn __start__(ctx, args) {
        ctx.actor = 縺輔￥繧・
        yield Actor("縺輔￥繧・);
        yield Talk("縺薙ｓ縺ｫ縺｡縺ｯ");
    }
}

pub mod 蛻･莨夊ｩｱ_1 {
    use pasta_stdlib::*;
    use crate::{縺輔￥繧・ 縺・↓繧・≧};

    pub fn __start__(ctx, args) {
        ctx.actor = 縺・↓繧・≧;
        yield Actor("縺・↓繧・≧");
        yield Talk("繧・≠");
    }
}

pub mod pasta {

    pub fn jump(ctx, label, filters, args) {
        let id = pasta_stdlib::select_label_to_id(label, filters);
        match id {
            1 => { for a in crate::莨夊ｩｱ_1::__start__(ctx, args) { yield a; } },
            2 => { for a in crate::蛻･莨夊ｩｱ_1::__start__(ctx, args) { yield a; } },
            _ => { yield pasta_stdlib::Error(`繝ｩ繝吶ΝID ${id} 縺瑚ｦ九▽縺九ｊ縺ｾ縺帙ｓ縺ｧ縺励◆縲Ａ); },
        }
    }

    pub fn call(ctx, label, filters, args) {
        let id = pasta_stdlib::select_label_to_id(label, filters);
        match id {
            1 => { for a in crate::莨夊ｩｱ_1::__start__(ctx, args) { yield a; } },
            2 => { for a in crate::蛻･莨夊ｩｱ_1::__start__(ctx, args) { yield a; } },
            _ => { yield pasta_stdlib::Error(`繝ｩ繝吶ΝID ${id} 縺瑚ｦ九▽縺九ｊ縺ｾ縺帙ｓ縺ｧ縺励◆縲Ａ); },
        }
    }
}

   0: std::panicking::panic_handler
             at /rustc/ded5c06cf21d2b93bffd5d884aa6e96934ee4234/library\std\src\panicking.rs:698
   1: core::panicking::panic_fmt
             at /rustc/ded5c06cf21d2b93bffd5d884aa6e96934ee4234/library\core\src\panicking.rs:80
   2: core::panicking::panic
             at /rustc/ded5c06cf21d2b93bffd5d884aa6e96934ee4234/library\core\src\panicking.rs:150
   3: two_pass_transpiler_test::test_two_pass_transpiler_to_string
             at .\tests\two_pass_transpiler_test.rs:81
   4: two_pass_transpiler_test::test_two_pass_transpiler_to_string::closure$0
             at .\tests\two_pass_transpiler_test.rs:44
   5: core::ops::function::FnOnce::call_once<two_pass_transpiler_test::test_two_pass_transpiler_to_string::closure_env$0,tuple$<> >
             at C:\rust\up\toolchains\stable-x86_64-pc-windows-msvc\lib\rustlib\src\rust\library\core\src\ops\function.rs:250
   6: core::ops::function::FnOnce::call_once
             at /rustc/ded5c06cf21d2b93bffd5d884aa6e96934ee4234/library\core\src\ops\function.rs:250
note: Some details are omitted, run with `RUST_BACKTRACE=full` for a verbose backtrace.
test test_two_pass_transpiler_to_string ... FAILED

failures:

failures:
    test_two_pass_transpiler_to_string

test result: FAILED. 0 passed; 1 failed; 0 ignored; 0 measured; 3 filtered out; finished in 0.17s

error: test failed, to rerun pass `-p pasta --test two_pass_transpiler_test`
